Kakarott wins. Remaining HP: 92731.
Sally wins. Remaining HP: 34912.
Kakarott wins. Remaining HP: 92731.
Sally wins. Remaining HP: 7597.
Sally wins. Remaining HP: 34912.
Sally wins. Remaining HP: 7597.